// Jest Snapshot v1, https://goo.gl/fbAQLP

exports[`OperatingSystemTemplates should render 1`] = `
<Provider
  store={
    Object {
      "dispatch": [Function],
      "getState": [Function],
      "replaceReducer": [Function],
      "subscribe": [Function],
      Symbol(Symbol.observable): [Function],
    }
  }
>
  <OperatingSystemTemplates />
</Provider>
`;
