// Jest Snapshot v1, https://goo.gl/fbAQLP

exports[`UserJwtForm render ok 1`] = `
<Fragment>
  <Row
    bsClass="row"
    componentClass="div"
  >
    <Col
      bsClass="col"
      componentClass="div"
      md={8}
    >
      <label
        className="control-label col-md-2"
      >
        Expiration
      </label>
      <div
        className="user-jwt-form"
      >
        <div
          className="input-group user-jwt-expiration"
        >
          <input
            className="jwt-expiration-value form-control"
            disabled={true}
            min={1}
            onChange={[Function]}
            placeholder="Expire in"
            type="number"
            value=""
          />
          <div
            className="input-group-btn"
          >
            <ForwardRef
              id="expiration_unit"
            >
              <DropdownToggle
                bsClass="dropdown-toggle"
                bsRole="toggle"
                open={false}
                useAnchor={false}
              >
                Never
              </DropdownToggle>
              <DropdownMenu
                bsClass="dropdown-menu"
                bsRole="menu"
                id="settings-dropdown"
                pullRight={false}
              >
                <MenuItem
                  bsClass="dropdown"
                  disabled={false}
                  divider={false}
                  header={false}
                  key="never"
                  onClick={[Function]}
                >
                  Never
                </MenuItem>
                <MenuItem
                  bsClass="dropdown"
                  disabled={false}
                  divider={false}
                  header={false}
                  key="hours"
                  onClick={[Function]}
                >
                  Hours
                </MenuItem>
                <MenuItem
                  bsClass="dropdown"
                  disabled={false}
                  divider={false}
                  header={false}
                  key="days"
                  onClick={[Function]}
                >
                  Days
                </MenuItem>
                <MenuItem
                  bsClass="dropdown"
                  disabled={false}
                  divider={false}
                  header={false}
                  key="weeks"
                  onClick={[Function]}
                >
                  Weeks
                </MenuItem>
                <MenuItem
                  bsClass="dropdown"
                  disabled={false}
                  divider={false}
                  header={false}
                  key="months"
                  onClick={[Function]}
                >
                  Months
                </MenuItem>
              </DropdownMenu>
            </ForwardRef>
            <Button
              active={false}
              block={false}
              bsClass="btn"
              bsStyle="success"
              disabled={false}
              onClick={[Function]}
            >
              Generate
            </Button>
          </div>
        </div>
      </div>
    </Col>
  </Row>
</Fragment>
`;
